window.haxys is missing in about:blank!